MY	comparison: 10945058 times
STD	comparison: 20625617 times
MY/STD: 0.240049 times

MY	comparison: 12029498 times
STD	comparison: 20068192 times
MY/STD: 0.291677 times

MY	comparison: 10952693 times
STD	comparison: 21813490 times
MY/STD: 0.280000 times

